---
source: homotopy-core/tests/layout.rs
expression: layout
---
Layout(
    {
        [
            Boundary(
                Target,
            ),
            Boundary(
                Source,
            ),
        ]: [
            0.0,
            8.0,
        ],
        [
            Boundary(
                Target,
            ),
            Interior(
                Regular(
                    0,
                ),
            ),
        ]: [
            2.0,
            8.0,
        ],
        [
            Interior(
                Regular(
                    0,
                ),
            ),
            Interior(
                Regular(
                    0,
                ),
            ),
        ]: [
            1.0,
            1.0,
        ],
        [
            Interior(
                Singular(
                    1,
                ),
            ),
            Interior(
                Singular(
                    1,
                ),
            ),
        ]: [
            5.0,
            4.0,
        ],
        [
            Interior(
                Regular(
                    0,
                ),
            ),
            Boundary(
                Source,
            ),
        ]: [
            0.0,
            1.0,
        ],
        [
            Interior(
                Regular(
                    1,
                ),
            ),
            Boundary(
                Target,
            ),
        ]: [
            7.0,
            3.0,
        ],
        [
            Interior(
                Singular(
                    2,
                ),
            ),
            Boundary(
                Target,
            ),
        ]: [
            7.0,
            6.0,
        ],
        [
            Boundary(
                Source,
            ),
            Boundary(
                Source,
            ),
        ]: [
            0.0,
            0.0,
        ],
        [
            Interior(
                Regular(
                    2,
                ),
            ),
            Interior(
                Regular(
                    2,
                ),
            ),
        ]: [
            6.0,
            5.0,
        ],
        [
            Boundary(
                Target,
            ),
            Interior(
                Singular(
                    0,
                ),
            ),
        ]: [
            4.0,
            8.0,
        ],
        [
            Interior(
                Singular(
                    0,
                ),
            ),
            Boundary(
                Target,
            ),
        ]: [
            7.0,
            2.0,
        ],
        [
            Interior(
                Regular(
                    1,
                ),
            ),
            Interior(
                Singular(
                    0,
                ),
            ),
        ]: [
            3.0,
            3.0,
        ],
        [
            Interior(
                Regular(
                    2,
                ),
            ),
            Interior(
                Singular(
                    0,
                ),
            ),
        ]: [
            3.0,
            5.0,
        ],
        [
            Interior(
                Regular(
                    2,
                ),
            ),
            Boundary(
                Target,
            ),
        ]: [
            7.0,
            5.0,
        ],
        [
            Interior(
                Regular(
                    0,
                ),
            ),
            Interior(
                Singular(
                    0,
                ),
            ),
        ]: [
            2.0,
            1.0,
        ],
        [
            Boundary(
                Target,
            ),
            Interior(
                Regular(
                    1,
                ),
            ),
        ]: [
            5.5,
            8.0,
        ],
        [
            Interior(
                Singular(
                    1,
                ),
            ),
            Interior(
                Regular(
                    1,
                ),
            ),
        ]: [
            4.0,
            4.0,
        ],
        [
            Interior(
                Singular(
                    1,
                ),
            ),
            Interior(
                Regular(
                    2,
                ),
            ),
        ]: [
            6.0,
            4.0,
        ],
        [
            Boundary(
                Source,
            ),
            Interior(
                Singular(
                    1,
                ),
            ),
        ]: [
            4.0,
            0.0,
        ],
        [
            Interior(
                Regular(
                    0,
                ),
            ),
            Interior(
                Regular(
                    2,
                ),
            ),
        ]: [
            5.5,
            1.0,
        ],
        [
            Interior(
                Singular(
                    0,
                ),
            ),
            Interior(
                Singular(
                    0,
                ),
            ),
        ]: [
            3.0,
            2.0,
        ],
        [
            Interior(
                Regular(
                    1,
                ),
            ),
            Boundary(
                Source,
            ),
        ]: [
            0.0,
            3.0,
        ],
        [
            Interior(
                Singular(
                    1,
                ),
            ),
            Boundary(
                Source,
            ),
        ]: [
            0.0,
            4.0,
        ],
        [
            Boundary(
                Source,
            ),
            Boundary(
                Target,
            ),
        ]: [
            7.0,
            0.0,
        ],
        [
            Interior(
                Regular(
                    1,
                ),
            ),
            Interior(
                Regular(
                    0,
                ),
            ),
        ]: [
            1.5,
            3.0,
        ],
        [
            Interior(
                Regular(
                    2,
                ),
            ),
            Interior(
                Regular(
                    0,
                ),
            ),
        ]: [
            1.5,
            5.0,
        ],
        [
            Interior(
                Regular(
                    3,
                ),
            ),
            Boundary(
                Source,
            ),
        ]: [
            0.0,
            7.0,
        ],
        [
            Boundary(
                Source,
            ),
            Interior(
                Regular(
                    2,
                ),
            ),
        ]: [
            5.5,
            0.0,
        ],
        [
            Boundary(
                Source,
            ),
            Interior(
                Regular(
                    1,
                ),
            ),
        ]: [
            3.0,
            0.0,
        ],
        [
            Interior(
                Regular(
                    2,
                ),
            ),
            Interior(
                Singular(
                    1,
                ),
            ),
        ]: [
            5.0,
            5.0,
        ],
        [
            Interior(
                Regular(
                    3,
                ),
            ),
            Interior(
                Regular(
                    0,
                ),
            ),
        ]: [
            2.0,
            7.0,
        ],
        [
            Boundary(
                Target,
            ),
            Boundary(
                Target,
            ),
        ]: [
            7.0,
            8.0,
        ],
        [
            Interior(
                Singular(
                    2,
                ),
            ),
            Interior(
                Regular(
                    1,
                ),
            ),
        ]: [
            6.0,
            6.0,
        ],
        [
            Interior(
                Singular(
                    0,
                ),
            ),
            Interior(
                Regular(
                    0,
                ),
            ),
        ]: [
            1.0,
            2.0,
        ],
        [
            Boundary(
                Source,
            ),
            Interior(
                Singular(
                    0,
                ),
            ),
        ]: [
            2.0,
            0.0,
        ],
        [
            Interior(
                Regular(
                    0,
                ),
            ),
            Interior(
                Regular(
                    1,
                ),
            ),
        ]: [
            3.0,
            1.0,
        ],
        [
            Interior(
                Singular(
                    2,
                ),
            ),
            Interior(
                Singular(
                    0,
                ),
            ),
        ]: [
            4.0,
            6.0,
        ],
        [
            Interior(
                Singular(
                    1,
                ),
            ),
            Interior(
                Singular(
                    0,
                ),
            ),
        ]: [
            3.0,
            4.0,
        ],
        [
            Interior(
                Singular(
                    1,
                ),
            ),
            Boundary(
                Target,
            ),
        ]: [
            7.0,
            4.0,
        ],
        [
            Interior(
                Regular(
                    0,
                ),
            ),
            Boundary(
                Target,
            ),
        ]: [
            7.0,
            1.0,
        ],
        [
            Interior(
                Singular(
                    2,
                ),
            ),
            Boundary(
                Source,
            ),
        ]: [
            0.0,
            6.0,
        ],
        [
            Interior(
                Regular(
                    3,
                ),
            ),
            Interior(
                Singular(
                    0,
                ),
            ),
        ]: [
            4.0,
            7.0,
        ],
        [
            Interior(
                Regular(
                    1,
                ),
            ),
            Interior(
                Regular(
                    1,
                ),
            ),
        ]: [
            5.0,
            3.0,
        ],
        [
            Interior(
                Regular(
                    2,
                ),
            ),
            Interior(
                Regular(
                    1,
                ),
            ),
        ]: [
            4.0,
            5.0,
        ],
        [
            Interior(
                Regular(
                    3,
                ),
            ),
            Interior(
                Regular(
                    1,
                ),
            ),
        ]: [
            5.5,
            7.0,
        ],
        [
            Interior(
                Singular(
                    0,
                ),
            ),
            Boundary(
                Source,
            ),
        ]: [
            0.0,
            2.0,
        ],
        [
            Boundary(
                Source,
            ),
            Interior(
                Regular(
                    0,
                ),
            ),
        ]: [
            1.0,
            0.0,
        ],
        [
            Interior(
                Regular(
                    2,
                ),
            ),
            Boundary(
                Source,
            ),
        ]: [
            0.0,
            5.0,
        ],
        [
            Interior(
                Regular(
                    3,
                ),
            ),
            Boundary(
                Target,
            ),
        ]: [
            7.0,
            7.0,
        ],
        [
            Interior(
                Regular(
                    0,
                ),
            ),
            Interior(
                Singular(
                    1,
                ),
            ),
        ]: [
            4.0,
            1.0,
        ],
        [
            Interior(
                Singular(
                    2,
                ),
            ),
            Interior(
                Regular(
                    0,
                ),
            ),
        ]: [
            1.5,
            6.0,
        ],
        [
            Interior(
                Singular(
                    1,
                ),
            ),
            Interior(
                Regular(
                    0,
                ),
            ),
        ]: [
            1.5,
            4.0,
        ],
        [
            Interior(
                Singular(
                    0,
                ),
            ),
            Interior(
                Regular(
                    1,
                ),
            ),
        ]: [
            5.5,
            2.0,
        ],
    },
)
