---
source: homotopy-core/tests/serialize.rs
expression: serialized

---
"{\"diagrams\":{\"1f21266c5feda29ad12d57c4d994ec6b\":{\"dimension\":2,\"source\":\"89fff112fea69305c054fdb8dfaffcec\",\"cospans\":[{\"forward\":\"0e8c0dc8f9fa8e6530df35ead1e4961b\",\"backward\":\"9d739512a3b0f00ae59bd78f729b0d40\"},{\"forward\":\"0e8c0dc8f9fa8e6530df35ead1e4961b\",\"backward\":\"9d739512a3b0f00ae59bd78f729b0d40\"}]},\"89fff112fea69305c054fdb8dfaffcec\":{\"dimension\":1,\"source\":\"e3887b7ceb2031c6242aa3a697ad28de\",\"cospans\":[{\"forward\":\"85269645a4beab137c0474e3c96e7ab2\",\"backward\":\"85269645a4beab137c0474e3c96e7ab2\"},{\"forward\":\"85269645a4beab137c0474e3c96e7ab2\",\"backward\":\"85269645a4beab137c0474e3c96e7ab2\"},{\"forward\":\"85269645a4beab137c0474e3c96e7ab2\",\"backward\":\"85269645a4beab137c0474e3c96e7ab2\"}]},\"c71a9a9b9aa5ad1f1c2dd7c5ad96ed12\":{\"dimension\":3,\"source\":\"1f21266c5feda29ad12d57c4d994ec6b\",\"cospans\":[{\"forward\":\"1c1937c4466947457c100ec5ab3562a1\",\"backward\":\"f34df3f5d3609c718947b20ce4f77258\"}]},\"e3887b7ceb2031c6242aa3a697ad28de\":{\"dimension\":0,\"generator\":{\"dimension\":0,\"id\":0}}},\"rewrites\":{\"0e34c25b3a964bde3f1e36929270fb3d\":{\"dimension\":0,\"source\":{\"dimension\":0,\"id\":0},\"target\":{\"dimension\":3,\"id\":3}},\"0e8c0dc8f9fa8e6530df35ead1e4961b\":{\"dimension\":1,\"cones\":[{\"index\":0,\"cone\":\"1f64a05e25afb448a6235ccbf8c9f2d8\"}]},\"1c1937c4466947457c100ec5ab3562a1\":{\"dimension\":2,\"cones\":[{\"index\":0,\"cone\":\"87fdf117daee2b6bc6fe5595ade45542\"}]},\"2d0d59b33ec99b89dbbaa4a8b454fd60\":{\"dimension\":0,\"source\":{\"dimension\":1,\"id\":1},\"target\":{\"dimension\":3,\"id\":3}},\"474c05c50f16fbc32e2f61dae00570f7\":{\"dimension\":1,\"cones\":[{\"index\":0,\"cone\":\"f4b1417547252262e1f0767a113b6ae4\"}]},\"4c9b3f039211f19587c1e4af0e9df947\":{\"dimension\":1,\"cones\":[{\"index\":0,\"cone\":\"892a9891562312e2816ea32914c458da\"}]},\"6d30ba3752e25d523f6560724d8c82e9\":{\"dimension\":1,\"cones\":[{\"index\":0,\"cone\":\"e8f7899509e601dd7041d8dd345c48b1\"}]},\"716cd7a6b2d91e3244bcc99a5571dcca\":{\"dimension\":1,\"cones\":[{\"index\":1,\"cone\":\"1f64a05e25afb448a6235ccbf8c9f2d8\"}]},\"757248a846f2bdbe795d70bed6cd9217\":{\"dimension\":0,\"source\":{\"dimension\":0,\"id\":0},\"target\":{\"dimension\":2,\"id\":2}},\"8410e3366b89781e7bb5599bdea9bbac\":{\"dimension\":1,\"cones\":[{\"index\":0,\"cone\":\"d3f4db25030e89f2d4b54e3992d36eae\"}]},\"85269645a4beab137c0474e3c96e7ab2\":{\"dimension\":0,\"source\":{\"dimension\":0,\"id\":0},\"target\":{\"dimension\":1,\"id\":1}},\"87efd305047e717815db3b38187bbde0\":{\"dimension\":1,\"cones\":[{\"index\":0,\"cone\":\"2c8aec2277fc7fc243395623ac4724e0\"}]},\"8d0f2b4df15e7efb2a90c27b538ef01a\":{\"dimension\":0,\"source\":{\"dimension\":1,\"id\":1},\"target\":{\"dimension\":2,\"id\":2}},\"9d739512a3b0f00ae59bd78f729b0d40\":{\"dimension\":1,\"cones\":[{\"index\":0,\"cone\":\"4cbcacc16607d4664d069e6c1d0e76f7\"}]},\"c2ddc8323e0aa80bbd439832873badcc\":{\"dimension\":1,\"cones\":[{\"index\":1,\"cone\":\"4cbcacc16607d4664d069e6c1d0e76f7\"}]},\"dfaf64e54bf7f1a96771ea991f3e102c\":{\"dimension\":0,\"source\":{\"dimension\":2,\"id\":2},\"target\":{\"dimension\":3,\"id\":3}},\"f34df3f5d3609c718947b20ce4f77258\":{\"dimension\":2,\"cones\":[{\"index\":0,\"cone\":\"ed7a78e14123b5950caa19e2b514298f\"}]}},\"cones\":{\"1f64a05e25afb448a6235ccbf8c9f2d8\":{\"source\":[{\"forward\":\"85269645a4beab137c0474e3c96e7ab2\",\"backward\":\"85269645a4beab137c0474e3c96e7ab2\"},{\"forward\":\"85269645a4beab137c0474e3c96e7ab2\",\"backward\":\"85269645a4beab137c0474e3c96e7ab2\"}],\"target\":{\"forward\":\"757248a846f2bdbe795d70bed6cd9217\",\"backward\":\"757248a846f2bdbe795d70bed6cd9217\"},\"slices\":[\"8d0f2b4df15e7efb2a90c27b538ef01a\",\"8d0f2b4df15e7efb2a90c27b538ef01a\"]},\"2c8aec2277fc7fc243395623ac4724e0\":{\"source\":[{\"forward\":\"757248a846f2bdbe795d70bed6cd9217\",\"backward\":\"757248a846f2bdbe795d70bed6cd9217\"}],\"target\":{\"forward\":\"0e34c25b3a964bde3f1e36929270fb3d\",\"backward\":\"0e34c25b3a964bde3f1e36929270fb3d\"},\"slices\":[\"dfaf64e54bf7f1a96771ea991f3e102c\"]},\"4cbcacc16607d4664d069e6c1d0e76f7\":{\"source\":[{\"forward\":\"85269645a4beab137c0474e3c96e7ab2\",\"backward\":\"85269645a4beab137c0474e3c96e7ab2\"}],\"target\":{\"forward\":\"757248a846f2bdbe795d70bed6cd9217\",\"backward\":\"757248a846f2bdbe795d70bed6cd9217\"},\"slices\":[\"8d0f2b4df15e7efb2a90c27b538ef01a\"]},\"87fdf117daee2b6bc6fe5595ade45542\":{\"source\":[{\"forward\":\"0e8c0dc8f9fa8e6530df35ead1e4961b\",\"backward\":\"9d739512a3b0f00ae59bd78f729b0d40\"},{\"forward\":\"0e8c0dc8f9fa8e6530df35ead1e4961b\",\"backward\":\"9d739512a3b0f00ae59bd78f729b0d40\"}],\"target\":{\"forward\":\"4c9b3f039211f19587c1e4af0e9df947\",\"backward\":\"6d30ba3752e25d523f6560724d8c82e9\"},\"slices\":[\"8410e3366b89781e7bb5599bdea9bbac\",\"87efd305047e717815db3b38187bbde0\"]},\"892a9891562312e2816ea32914c458da\":{\"source\":[{\"forward\":\"85269645a4beab137c0474e3c96e7ab2\",\"backward\":\"85269645a4beab137c0474e3c96e7ab2\"},{\"forward\":\"85269645a4beab137c0474e3c96e7ab2\",\"backward\":\"85269645a4beab137c0474e3c96e7ab2\"},{\"forward\":\"85269645a4beab137c0474e3c96e7ab2\",\"backward\":\"85269645a4beab137c0474e3c96e7ab2\"}],\"target\":{\"forward\":\"0e34c25b3a964bde3f1e36929270fb3d\",\"backward\":\"0e34c25b3a964bde3f1e36929270fb3d\"},\"slices\":[\"2d0d59b33ec99b89dbbaa4a8b454fd60\",\"2d0d59b33ec99b89dbbaa4a8b454fd60\",\"2d0d59b33ec99b89dbbaa4a8b454fd60\"]},\"d3f4db25030e89f2d4b54e3992d36eae\":{\"source\":[{\"forward\":\"757248a846f2bdbe795d70bed6cd9217\",\"backward\":\"757248a846f2bdbe795d70bed6cd9217\"},{\"forward\":\"85269645a4beab137c0474e3c96e7ab2\",\"backward\":\"85269645a4beab137c0474e3c96e7ab2\"}],\"target\":{\"forward\":\"0e34c25b3a964bde3f1e36929270fb3d\",\"backward\":\"0e34c25b3a964bde3f1e36929270fb3d\"},\"slices\":[\"dfaf64e54bf7f1a96771ea991f3e102c\",\"2d0d59b33ec99b89dbbaa4a8b454fd60\"]},\"e8f7899509e601dd7041d8dd345c48b1\":{\"source\":[{\"forward\":\"85269645a4beab137c0474e3c96e7ab2\",\"backward\":\"85269645a4beab137c0474e3c96e7ab2\"}],\"target\":{\"forward\":\"0e34c25b3a964bde3f1e36929270fb3d\",\"backward\":\"0e34c25b3a964bde3f1e36929270fb3d\"},\"slices\":[\"2d0d59b33ec99b89dbbaa4a8b454fd60\"]},\"ed7a78e14123b5950caa19e2b514298f\":{\"source\":[{\"forward\":\"716cd7a6b2d91e3244bcc99a5571dcca\",\"backward\":\"c2ddc8323e0aa80bbd439832873badcc\"},{\"forward\":\"0e8c0dc8f9fa8e6530df35ead1e4961b\",\"backward\":\"9d739512a3b0f00ae59bd78f729b0d40\"}],\"target\":{\"forward\":\"4c9b3f039211f19587c1e4af0e9df947\",\"backward\":\"6d30ba3752e25d523f6560724d8c82e9\"},\"slices\":[\"474c05c50f16fbc32e2f61dae00570f7\",\"87efd305047e717815db3b38187bbde0\"]},\"f4b1417547252262e1f0767a113b6ae4\":{\"source\":[{\"forward\":\"85269645a4beab137c0474e3c96e7ab2\",\"backward\":\"85269645a4beab137c0474e3c96e7ab2\"},{\"forward\":\"757248a846f2bdbe795d70bed6cd9217\",\"backward\":\"757248a846f2bdbe795d70bed6cd9217\"}],\"target\":{\"forward\":\"0e34c25b3a964bde3f1e36929270fb3d\",\"backward\":\"0e34c25b3a964bde3f1e36929270fb3d\"},\"slices\":[\"2d0d59b33ec99b89dbbaa4a8b454fd60\",\"dfaf64e54bf7f1a96771ea991f3e102c\"]}}}"
